
步骤三完成：调整前后六指标、单利累计收益及Pred分布分析
调整前输入：/tmp/pred-handover-reproduction-p0sm5b83/data/pred_eval.parquet
调整后输入：/tmp/pred-handover-reproduction-p0sm5b83/result/data/pred_eval_segmented_drift_adjusted.parquet
每个状态的同期间样本量：1,667,520
调整前（未平滑）/总体：做空占比=59.60%，零阈值胜率=51.61%
调整前（未平滑）/14:30以前：做空占比=63.70%，零阈值胜率=51.20%
调整前（未平滑）/14:30及以后：做空占比=30.93%，零阈值胜率=54.52%
调整后（已平滑）/总体：做空占比=49.94%，零阈值胜率=51.36%
调整后（已平滑）/14:30以前：做空占比=49.88%，零阈值胜率=51.00%
调整后（已平滑）/14:30及以后：做空占比=50.36%，零阈值胜率=53.89%
输出图片：/tmp/pred-handover-reproduction-p0sm5b83/result/visualizations/before_adjustment/overall/overall_ventile_zero_threshold_metrics.png
输出图片：/tmp/pred-handover-reproduction-p0sm5b83/result/visualizations/before_adjustment/before_1430/before_1430_ventile_zero_threshold_metrics.png
输出图片：/tmp/pred-handover-reproduction-p0sm5b83/result/visualizations/before_adjustment/after_1430/after_1430_ventile_zero_threshold_metrics.png
输出图片：/tmp/pred-handover-reproduction-p0sm5b83/result/visualizations/after_adjustment/overall/overall_ventile_zero_threshold_metrics.png
输出图片：/tmp/pred-handover-reproduction-p0sm5b83/result/visualizations/after_adjustment/before_1430/before_1430_ventile_zero_threshold_metrics.png
输出图片：/tmp/pred-handover-reproduction-p0sm5b83/result/visualizations/after_adjustment/after_1430/after_1430_ventile_zero_threshold_metrics.png
输出图片：/tmp/pred-handover-reproduction-p0sm5b83/result/visualizations/before_adjustment/overall/overall_decile_zero_threshold_cumulative_return.png
输出图片：/tmp/pred-handover-reproduction-p0sm5b83/result/visualizations/before_adjustment/before_1430/before_1430_decile_zero_threshold_cumulative_return.png
输出图片：/tmp/pred-handover-reproduction-p0sm5b83/result/visualizations/before_adjustment/after_1430/after_1430_decile_zero_threshold_cumulative_return.png
输出图片：/tmp/pred-handover-reproduction-p0sm5b83/result/visualizations/after_adjustment/overall/overall_decile_zero_threshold_cumulative_return.png
输出图片：/tmp/pred-handover-reproduction-p0sm5b83/result/visualizations/after_adjustment/before_1430/before_1430_decile_zero_threshold_cumulative_return.png
输出图片：/tmp/pred-handover-reproduction-p0sm5b83/result/visualizations/after_adjustment/after_1430/after_1430_decile_zero_threshold_cumulative_return.png
输出图片：/tmp/pred-handover-reproduction-p0sm5b83/result/visualizations/before_adjustment/overall/paired_decile_cumulative_return.png
输出图片：/tmp/pred-handover-reproduction-p0sm5b83/result/visualizations/before_adjustment/before_1430/paired_decile_cumulative_return.png
输出图片：/tmp/pred-handover-reproduction-p0sm5b83/result/visualizations/before_adjustment/after_1430/paired_decile_cumulative_return.png
输出图片：/tmp/pred-handover-reproduction-p0sm5b83/result/visualizations/after_adjustment/overall/paired_decile_cumulative_return.png
输出图片：/tmp/pred-handover-reproduction-p0sm5b83/result/visualizations/after_adjustment/before_1430/paired_decile_cumulative_return.png
输出图片：/tmp/pred-handover-reproduction-p0sm5b83/result/visualizations/after_adjustment/after_1430/paired_decile_cumulative_return.png
输出图片：/tmp/pred-handover-reproduction-p0sm5b83/result/visualizations/before_adjustment/overall/pred_distribution.png
输出图片：/tmp/pred-handover-reproduction-p0sm5b83/result/visualizations/before_adjustment/before_1430/pred_distribution.png
输出图片：/tmp/pred-handover-reproduction-p0sm5b83/result/visualizations/before_adjustment/after_1430/pred_distribution.png
输出图片：/tmp/pred-handover-reproduction-p0sm5b83/result/visualizations/after_adjustment/overall/pred_distribution.png
输出图片：/tmp/pred-handover-reproduction-p0sm5b83/result/visualizations/after_adjustment/before_1430/pred_distribution.png
输出图片：/tmp/pred-handover-reproduction-p0sm5b83/result/visualizations/after_adjustment/after_1430/pred_distribution.png
